[2J[3J[H[[90m10:06:21[0m] Starting compilation in watch mode...

[[90m10:06:41[0m] Found 0 errors. Watching for file changes.

[32m[Nest] 28716  - [39m2026/08/03 10:06:43 [32m    LOG[39m [38;5;3m[NestFactory] [39m[32mStarting Nest application...[39m
[32m[Nest] 28716  - [39m2026/08/03 10:06:43 [32m    LOG[39m [38;5;3m[InstanceLoader] [39m[32mConfigModule dependencies initialized[39m[38;5;3m +17ms[39m
[32m[Nest] 28716  - [39m2026/08/03 10:06:43 [32m    LOG[39m [38;5;3m[InstanceLoader] [39m[32mPrismaModule dependencies initialized[39m[38;5;3m +0ms[39m
[32m[Nest] 28716  - [39m2026/08/03 10:06:43 [32m    LOG[39m [38;5;3m[InstanceLoader] [39m[32mPassportModule dependencies initialized[39m[38;5;3m +0ms[39m
[32m[Nest] 28716  - [39m2026/08/03 10:06:43 [32m    LOG[39m [38;5;3m[InstanceLoader] [39m[32mAppModule dependencies initialized[39m[38;5;3m +30ms[39m
[32m[Nest] 28716  - [39m2026/08/03 10:06:43 [32m    LOG[39m [38;5;3m[InstanceLoader] [39m[32mConfigHostModule dependencies initialized[39m[38;5;3m +0ms[39m
[32m[Nest] 28716  - [39m2026/08/03 10:06:43 [32m    LOG[39m [38;5;3m[InstanceLoader] [39m[32mConfigModule dependencies initialized[39m[38;5;3m +1ms[39m
[32m[Nest] 28716  - [39m2026/08/03 10:06:43 [32m    LOG[39m [38;5;3m[InstanceLoader] [39m[32mRedisModule dependencies initialized[39m[38;5;3m +1ms[39m
[32m[Nest] 28716  - [39m2026/08/03 10:06:43 [32m    LOG[39m [38;5;3m[InstanceLoader] [39m[32mJwtModule dependencies initialized[39m[38;5;3m +0ms[39m
[32m[Nest] 28716  - [39m2026/08/03 10:06:43 [32m    LOG[39m [38;5;3m[InstanceLoader] [39m[32mUsersModule dependencies initialized[39m[38;5;3m +1ms[39m
[32m[Nest] 28716  - [39m2026/08/03 10:06:43 [32m    LOG[39m [38;5;3m[InstanceLoader] [39m[32mAuthModule dependencies initialized[39m[38;5;3m +0ms[39m
[32m[Nest] 28716  - [39m2026/08/03 10:06:43 [32m    LOG[39m [38;5;3m[RoutesResolver] [39m[32mAppController {/api/v1} (version: 1):[39m[38;5;3m +68ms[39m
[32m[Nest] 28716  - [39m2026/08/03 10:06:43 [32m    LOG[39m [38;5;3m[RouterExplorer] [39m[32mMapped {/api/v1/health, GET} (version: 1) route[39m[38;5;3m +2ms[39m
[32m[Nest] 28716  - [39m2026/08/03 10:06:43 [32m    LOG[39m [38;5;3m[RoutesResolver] [39m[32mAuthController {/api/v1/auth} (version: 1):[39m[38;5;3m +1ms[39m
[32m[Nest] 28716  - [39m2026/08/03 10:06:43 [32m    LOG[39m [38;5;3m[RouterExplorer] [39m[32mMapped {/api/v1/auth/register, POST} (version: 1) route[39m[38;5;3m +0ms[39m
[32m[Nest] 28716  - [39m2026/08/03 10:06:43 [32m    LOG[39m [38;5;3m[RouterExplorer] [39m[32mMapped {/api/v1/auth/login, POST} (version: 1) route[39m[38;5;3m +0ms[39m
[32m[Nest] 28716  - [39m2026/08/03 10:06:43 [32m    LOG[39m [38;5;3m[RouterExplorer] [39m[32mMapped {/api/v1/auth/refresh, POST} (version: 1) route[39m[38;5;3m +1ms[39m
[32m[Nest] 28716  - [39m2026/08/03 10:06:43 [32m    LOG[39m [38;5;3m[RouterExplorer] [39m[32mMapped {/api/v1/auth/logout, POST} (version: 1) route[39m[38;5;3m +0ms[39m
[32m[Nest] 28716  - [39m2026/08/03 10:06:43 [32m    LOG[39m [38;5;3m[RouterExplorer] [39m[32mMapped {/api/v1/auth/verify, GET} (version: 1) route[39m[38;5;3m +0ms[39m
[32m[Nest] 28716  - [39m2026/08/03 10:06:43 [32m    LOG[39m [38;5;3m[RoutesResolver] [39m[32mUsersController {/api/v1/users} (version: 1):[39m[38;5;3m +0ms[39m
[32m[Nest] 28716  - [39m2026/08/03 10:06:43 [32m    LOG[39m [38;5;3m[RouterExplorer] [39m[32mMapped {/api/v1/users/me, GET} (version: 1) route[39m[38;5;3m +0ms[39m
[32m[Nest] 28716  - [39m2026/08/03 10:06:43 [32m    LOG[39m [38;5;3m[RouterExplorer] [39m[32mMapped {/api/v1/users/me, PATCH} (version: 1) route[39m[38;5;3m +1ms[39m
[32m[Nest] 28716  - [39m2026/08/03 10:06:43 [32m    LOG[39m [38;5;3m[RouterExplorer] [39m[32mMapped {/api/v1/users, GET} (version: 1) route[39m[38;5;3m +0ms[39m
[32m[Nest] 28716  - [39m2026/08/03 10:06:43 [32m    LOG[39m [38;5;3m[RouterExplorer] [39m[32mMapped {/api/v1/users/:id, GET} (version: 1) route[39m[38;5;3m +0ms[39m
[32m[Nest] 28716  - [39m2026/08/03 10:06:43 [32m    LOG[39m [38;5;3m[RouterExplorer] [39m[32mMapped {/api/v1/users/:id, DELETE} (version: 1) route[39m[38;5;3m +1ms[39m
[32m[Nest] 28716  - [39m2026/08/03 10:06:44 [32m    LOG[39m [38;5;3m[NestApplication] [39m[32mNest application successfully started[39m[38;5;3m +106ms[39m
Application is running on: http://localhost:8080
Swagger documentation: http://localhost:8080/api/docs
[2J[3J[H[[90m10:47:30[0m] File change detected. Starting incremental compilation...

[[90m10:47:33[0m] Found 0 errors. Watching for file changes.

[2J[3J[H[[90m10:47:34[0m] File change detected. Starting incremental compilation...

[[90m10:47:35[0m] Found 0 errors. Watching for file changes.

[32m[Nest] 26568  - [39m2026/08/03 10:47:38 [32m    LOG[39m [38;5;3m[NestFactory] [39m[32mStarting Nest application...[39m
[32m[Nest] 26568  - [39m2026/08/03 10:47:38 [32m    LOG[39m [38;5;3m[InstanceLoader] [39m[32mConfigModule dependencies initialized[39m[38;5;3m +21ms[39m
[32m[Nest] 26568  - [39m2026/08/03 10:47:38 [32m    LOG[39m [38;5;3m[InstanceLoader] [39m[32mPrismaModule dependencies initialized[39m[38;5;3m +0ms[39m
[32m[Nest] 26568  - [39m2026/08/03 10:47:38 [32m    LOG[39m [38;5;3m[InstanceLoader] [39m[32mPassportModule dependencies initialized[39m[38;5;3m +0ms[39m
[32m[Nest] 26568  - [39m2026/08/03 10:47:38 [32m    LOG[39m [38;5;3m[InstanceLoader] [39m[32mAppModule dependencies initialized[39m[38;5;3m +111ms[39m
[32m[Nest] 26568  - [39m2026/08/03 10:47:38 [32m    LOG[39m [38;5;3m[InstanceLoader] [39m[32mConfigHostModule dependencies initialized[39m[38;5;3m +1ms[39m
[32m[Nest] 26568  - [39m2026/08/03 10:47:38 [32m    LOG[39m [38;5;3m[InstanceLoader] [39m[32mConfigModule dependencies initialized[39m[38;5;3m +7ms[39m
[32m[Nest] 26568  - [39m2026/08/03 10:47:38 [32m    LOG[39m [38;5;3m[InstanceLoader] [39m[32mRedisModule dependencies initialized[39m[38;5;3m +1ms[39m
[32m[Nest] 26568  - [39m2026/08/03 10:47:38 [32m    LOG[39m [38;5;3m[InstanceLoader] [39m[32mJwtModule dependencies initialized[39m[38;5;3m +2ms[39m
[32m[Nest] 26568  - [39m2026/08/03 10:47:38 [32m    LOG[39m [38;5;3m[InstanceLoader] [39m[32mUsersModule dependencies initialized[39m[38;5;3m +1ms[39m
[32m[Nest] 26568  - [39m2026/08/03 10:47:38 [32m    LOG[39m [38;5;3m[InstanceLoader] [39m[32mAuthModule dependencies initialized[39m[38;5;3m +1ms[39m
[32m[Nest] 26568  - [39m2026/08/03 10:47:38 [32m    LOG[39m [38;5;3m[RoutesResolver] [39m[32mAppController {/api/v1} (version: 1):[39m[38;5;3m +109ms[39m
[32m[Nest] 26568  - [39m2026/08/03 10:47:38 [32m    LOG[39m [38;5;3m[RouterExplorer] [39m[32mMapped {/api/v1/health, GET} (version: 1) route[39m[38;5;3m +1ms[39m
[32m[Nest] 26568  - [39m2026/08/03 10:47:38 [32m    LOG[39m [38;5;3m[RoutesResolver] [39m[32mAuthController {/api/v1/auth} (version: 1):[39m[38;5;3m +0ms[39m
[32m[Nest] 26568  - [39m2026/08/03 10:47:38 [32m    LOG[39m [38;5;3m[RouterExplorer] [39m[32mMapped {/api/v1/auth/register, POST} (version: 1) route[39m[38;5;3m +1ms[39m
[32m[Nest] 26568  - [39m2026/08/03 10:47:38 [32m    LOG[39m [38;5;3m[RouterExplorer] [39m[32mMapped {/api/v1/auth/login, POST} (version: 1) route[39m[38;5;3m +0ms[39m
[32m[Nest] 26568  - [39m2026/08/03 10:47:38 [32m    LOG[39m [38;5;3m[RouterExplorer] [39m[32mMapped {/api/v1/auth/refresh, POST} (version: 1) route[39m[38;5;3m +0ms[39m
[32m[Nest] 26568  - [39m2026/08/03 10:47:38 [32m    LOG[39m [38;5;3m[RouterExplorer] [39m[32mMapped {/api/v1/auth/logout, POST} (version: 1) route[39m[38;5;3m +0ms[39m
[32m[Nest] 26568  - [39m2026/08/03 10:47:38 [32m    LOG[39m [38;5;3m[RouterExplorer] [39m[32mMapped {/api/v1/auth/verify, GET} (version: 1) route[39m[38;5;3m +1ms[39m
[32m[Nest] 26568  - [39m2026/08/03 10:47:38 [32m    LOG[39m [38;5;3m[RoutesResolver] [39m[32mUsersController {/api/v1/users} (version: 1):[39m[38;5;3m +0ms[39m
[32m[Nest] 26568  - [39m2026/08/03 10:47:38 [32m    LOG[39m [38;5;3m[RouterExplorer] [39m[32mMapped {/api/v1/users/me, GET} (version: 1) route[39m[38;5;3m +0ms[39m
[32m[Nest] 26568  - [39m2026/08/03 10:47:38 [32m    LOG[39m [38;5;3m[RouterExplorer] [39m[32mMapped {/api/v1/users/me, PATCH} (version: 1) route[39m[38;5;3m +0ms[39m
[32m[Nest] 26568  - [39m2026/08/03 10:47:38 [32m    LOG[39m [38;5;3m[RouterExplorer] [39m[32mMapped {/api/v1/users, GET} (version: 1) route[39m[38;5;3m +0ms[39m
[32m[Nest] 26568  - [39m2026/08/03 10:47:38 [32m    LOG[39m [38;5;3m[RouterExplorer] [39m[32mMapped {/api/v1/users/:id, GET} (version: 1) route[39m[38;5;3m +1ms[39m
[32m[Nest] 26568  - [39m2026/08/03 10:47:38 [32m    LOG[39m [38;5;3m[RouterExplorer] [39m[32mMapped {/api/v1/users/:id, DELETE} (version: 1) route[39m[38;5;3m +0ms[39m
[32m[Nest] 26568  - [39m2026/08/03 10:47:38 [32m    LOG[39m [38;5;3m[NestApplication] [39m[32mNest application successfully started[39m[38;5;3m +90ms[39m
Application is running on: http://localhost:8080
Swagger documentation: http://localhost:8080/api/docs
